[07:28:09] Benchmark output directory: benchmark_results/underprovisioned_20260309_072809
[07:28:09] Resetting compose stack
[07:28:10] Building manager binary
[07:28:10] Starting infrastructure and control services
[07:28:12] Waiting for cassandra1 to be ready
[07:28:48] Waiting for kafka-tenant1 to be ready
[07:28:48] Waiting for kafka-tenant2 to be ready
[07:28:48] Starting tenant=tenant1 workers=10 with source producer
[07:29:09] Starting tenant=tenant2 workers=10 with source producer
[07:29:25] Collecting runtime for 500s
[07:37:45] Capturing compose status and logs
[07:37:47] Stopping tenant=tenant1 source/worker
[07:37:48] Stopping tenant=tenant2 source/worker
[07:37:49] Waiting 15s for Cassandra write pressure to settle
[07:38:05] Collecting Cassandra snapshot for tenant=tenant1 keyspace=mysimbdp_tenant1
[07:38:53] Collecting Cassandra snapshot for tenant=tenant2 keyspace=mysimbdp_tenant2
[07:39:25] Extracting worker and producer performance lines
[07:39:25] Benchmark completed. Main outputs:
[07:39:25] - benchmark_results/underprovisioned_20260309_072809/run_summary.env
[07:39:25] - benchmark_results/underprovisioned_20260309_072809/monitor_throughput_by_tenant.csv
[07:39:25] - benchmark_results/underprovisioned_20260309_072809/worker_performance_lines.txt
[07:39:25] - benchmark_results/underprovisioned_20260309_072809/producer_performance_lines.txt
[07:39:25] - benchmark_results/underprovisioned_20260309_072809/cassandra_counts_<tenant>.txt
[07:39:25] - benchmark_results/underprovisioned_20260309_072809/cassandra_samples_<tenant>.txt
