[18:48:09] Benchmark output directory: benchmark_results/underprovisioned_20260308_184809
[18:48:09] Resetting compose stack
[18:48:09] Building manager binary
[18:48:09] Starting infrastructure and control services
[18:48:11] Waiting for cassandra1 to be ready
[18:49:06] Waiting for kafka-tenant1 to be ready
[18:49:06] Waiting for kafka-tenant2 to be ready
[18:49:06] Starting tenant=tenant1 workers=7 with source producer
[18:49:27] Starting tenant=tenant2 workers=7 with source producer
[18:49:42] Collecting runtime for 1000s
[19:06:22] Capturing compose status and logs
[19:06:24] Stopping tenant=tenant1 source/worker
[19:06:25] Stopping tenant=tenant2 source/worker
[19:06:26] Waiting 15s for Cassandra write pressure to settle
[19:06:42] Collecting Cassandra snapshot for tenant=tenant1 keyspace=mysimbdp_tenant1
[19:06:54] Collecting Cassandra snapshot for tenant=tenant2 keyspace=mysimbdp_tenant2
[19:07:06] Extracting worker and producer performance lines
[19:07:06] Benchmark completed. Main outputs:
[19:07:06] - benchmark_results/underprovisioned_20260308_184809/run_summary.env
[19:07:06] - benchmark_results/underprovisioned_20260308_184809/monitor_throughput_by_tenant.csv
[19:07:06] - benchmark_results/underprovisioned_20260308_184809/worker_performance_lines.txt
[19:07:06] - benchmark_results/underprovisioned_20260308_184809/producer_performance_lines.txt
[19:07:06] - benchmark_results/underprovisioned_20260308_184809/cassandra_counts_<tenant>.txt
[19:07:06] - benchmark_results/underprovisioned_20260308_184809/cassandra_samples_<tenant>.txt
